// Jest Snapshot v1, https://goo.gl/fbAQLP

exports[`App component should render correctly 1`] = `
<Fragment>
  <h1>
    Hi Man!
  </h1>
</Fragment>
`;
